Drill Listing
=============
Drill: .01  Tool: 1  Feed: 0  Speed: 0
X 104800  Y 123600
X 122800  Y 104600
X 122800  Y 124600
X 142800  Y 124600
X 142800  Y 104600
X 162800  Y 104600
X 176417  Y 117891
X 181182  Y 126384
X 182800  Y 104600
X 202800  Y 104600
X 214100  Y 118100
X 214200  Y 126300
X 222800  Y 104600
X 225764  Y 126206
X 242800  Y 104600
X 262800  Y 104600
X 280122  Y 126339
X 282800  Y 104600
X 287900  Y 118200
X 292304  Y 127335
X 302800  Y 104600
X 304159  Y 118686
X 314319  Y 126278
X 322800  Y 104600
X 324114  Y 118529
X 326098  Y 126751
X 338020  Y 128973
X 342800  Y 104600
X 343089  Y 117988
X 362800  Y 124600
X 362800  Y 104600
X 370145  Y 120327
X 382800  Y 104600
X 399872  Y 129319
X 402800  Y 104600
X 403530  Y 121005
X 412407  Y 119819
X 422800  Y 104600
X 422800  Y 124600
X 430701  Y 117107
X 442800  Y 104600
X 453092  Y 117590
X 462800  Y 104600
X 462800  Y 124600
X 481800  Y 138100
X 473769  Y 146601
X 458676  Y 137551
X 455967  Y 130179
X 453208  Y 144235
X 452900  Y 152900
X 446876  Y 135092
X 441339  Y 149153
X 441318  Y 133742
X 438320  Y 138509
X 430710  Y 149215
X 422800  Y 144600
X 422762  Y 153115
X 422667  Y 129656
X 417789  Y 143133
X 413728  Y 152730
X 408360  Y 133922
X 402800  Y 144600
X 401284  Y 153524
X 399916  Y 134274
X 389290  Y 153255
X 386500  Y 130000
X 382800  Y 144600
X 376155  Y 133772
X 373315  Y 150165
X 371605  Y 132513
X 357235  Y 144189
X 352953  Y 130136
X 352922  Y 150691
X 346740  Y 141844
X 337597  Y 145087
X 337295  Y 137181
X 328611  Y 149633
X 323804  Y 140860
X 317494  Y 149633
X 309038  Y 144286
X 305600  Y 134100
X 304832  Y 141060
X 300700  Y 144100
X 298449  Y 148118
X 284521  Y 139676
X 283722  Y 147997
X 275775  Y 134700
X 270681  Y 151906
X 264100  Y 136100
X 252682  Y 148292
X 234416  Y 136606
X 225935  Y 136606
X 222153  Y 135219
X 213879  Y 150370
X 209791  Y 139391
X 202800  Y 144600
X 193695  Y 134559
X 172213  Y 145447
X 163273  Y 141751
X 163064  Y 154519
X 163027  Y 131072
X 149420  Y 144677
X 142950  Y 144931
X 133241  Y 135724
X 104800  Y 143600
X 104800  Y 163600
X 135981  Y 157321
X 140300  Y 164700
X 148833  Y 172978
X 149179  Y 167327
X 162800  Y 164600
X 171000  Y 161000
X 178086  Y 173764
X 182800  Y 164600
X 201084  Y 163226
X 237700  Y 177600
X 237956  Y 158129
X 242800  Y 164600
X 262100  Y 158900
X 262200  Y 165300
X 265694  Y 177603
X 268737  Y 157828
X 277800  Y 178600
X 282800  Y 164600
X 285800  Y 178600
X 302800  Y 164600
X 304906  Y 177688
X 305221  Y 156252
X 318378  Y 157579
X 319688  Y 177896
X 322800  Y 164600
X 339474  Y 177524
X 342800  Y 164600
X 353067  Y 158008
X 360371  Y 163274
X 362028  Y 155175
X 365650  Y 169539
X 367098  Y 177023
X 371615  Y 169345
X 372047  Y 163383
X 377057  Y 168573
X 382800  Y 164600
X 384178  Y 177988
X 389276  Y 159692
X 392809  Y 175514
X 393000  Y 166000
X 397286  Y 164442
X 407000  Y 166000
X 417811  Y 158420
X 431028  Y 169363
X 433714  Y 165532
X 437216  Y 157728
X 442800  Y 164600
X 450160  Y 169465
X 454361  Y 158689
X 455662  Y 177686
X 457365  Y 164279
X 458665  Y 156542
X 481012  Y 171346
X 481800  Y 158100
X 477873  Y 180882
X 461362  Y 179659
X 461333  Y 184128
X 454501  Y 184993
X 445000  Y 189000
X 439526  Y 192338
X 436515  Y 184027
X 424649  Y 196490
X 422800  Y 184600
X 415846  Y 191300
X 412794  Y 199352
X 403533  Y 200751
X 403058  Y 184247
X 401051  Y 204506
X 379231  Y 189587
X 362588  Y 187603
X 353300  Y 201000
X 340896  Y 194016
X 338705  Y 185405
X 335200  Y 195300
X 331472  Y 185858
X 330386  Y 198109
X 326300  Y 182400
X 320895  Y 185923
X 316000  Y 193400
X 309367  Y 203083
X 303000  Y 193600
X 296655  Y 187320
X 294796  Y 192026
X 285500  Y 192100
X 276000  Y 203000
X 270522  Y 192993
X 268723  Y 201199
X 261600  Y 182600
X 256900  Y 203400
X 228400  Y 188700
X 214702  Y 201531
X 202959  Y 193679
X 201372  Y 203140
X 196545  Y 203197
X 184272  Y 179872
X 165702  Y 181112
X 161271  Y 187394
X 154724  Y 194844
X 152917  Y 185003
X 148194  Y 201704
X 145457  Y 183229
X 134679  Y 183772
X 129138  Y 183097
X 127700  Y 203400
X 104800  Y 203600
X 104800  Y 183600
X 128692  Y 218275
X 162800  Y 224600
X 182800  Y 224600
X 189300  Y 205200
X 199024  Y 210836
X 204500  Y 211700
X 205000  Y 227500
X 206810  Y 214759
X 229141  Y 225562
X 236579  Y 217805
X 261037  Y 217912
X 276448  Y 213874
X 295682  Y 216422
X 297524  Y 228357
X 300121  Y 208825
X 301300  Y 215700
X 307800  Y 218100
X 310443  Y 214423
X 312577  Y 207803
X 321700  Y 205300
X 334188  Y 206740
X 337700  Y 216000
X 338512  Y 211182
X 342500  Y 207400
X 345894  Y 211968
X 353239  Y 212449
X 379246  Y 213194
X 387379  Y 219945
X 389237  Y 214279
X 393007  Y 208368
X 399180  Y 218585
X 406700  Y 223600
X 406851  Y 210056
X 410114  Y 226761
X 410129  Y 208393
X 418558  Y 211919
X 423651  Y 213000
X 424950  Y 221585
X 439054  Y 215919
X 462800  Y 204600
X 462800  Y 224600
X 481800  Y 214600
X 481800  Y 234600
X 462800  Y 244600
X 437254  Y 246051
X 410106  Y 234657
X 402800  Y 244600
X 391197  Y 252475
X 376011  Y 242027
X 371185  Y 254216
X 369880  Y 229777
X 348465  Y 230914
X 345414  Y 254216
X 329239  Y 254035
X 322407  Y 229966
X 310891  Y 253974
X 295100  Y 233100
X 288700  Y 236723
X 284618  Y 236878
X 282700  Y 241000
X 275957  Y 241069
X 274165  Y 232262
X 264749  Y 233348
X 261929  Y 245459
X 259080  Y 240493
X 248790  Y 246103
X 241392  Y 233348
X 231390  Y 243321
X 220290  Y 232221
X 217400  Y 246300
X 211161  Y 232420
X 204213  Y 247039
X 182800  Y 244600
X 165477  Y 244494
X 165446  Y 239067
X 165415  Y 233531
X 160003  Y 244526
X 159956  Y 233484
X 159847  Y 239052
X 154357  Y 233390
X 154357  Y 239052
X 154326  Y 244604
X 128512  Y 254167
X 128450  Y 236200
X 128585  Y 272275
X 138192  Y 272599
X 142962  Y 272571
X 162800  Y 264600
X 169500  Y 274600
X 182800  Y 264600
X 194400  Y 267500
X 206223  Y 275649
X 224551  Y 266870
X 242858  Y 269373
X 264570  Y 268121
X 273282  Y 268368
X 273747  Y 275738
X 282700  Y 271430
X 285575  Y 267740
X 288700  Y 274051
X 291457  Y 267509
X 294340  Y 275236
X 295100  Y 268800
X 301835  Y 272230
X 305800  Y 255200
X 305800  Y 273953
X 309989  Y 271985
X 318733  Y 276629
X 318741  Y 259140
X 327594  Y 272126
X 337385  Y 275469
X 337386  Y 262468
X 341827  Y 261317
X 342551  Y 268741
X 370974  Y 261453
X 371479  Y 268034
X 392685  Y 261768
X 393031  Y 267727
X 402025  Y 268163
X 407758  Y 277759
X 414750  Y 267727
X 414771  Y 261096
X 416043  Y 277885
X 422476  Y 270541
X 429200  Y 260700
X 432570  Y 274993
X 436856  Y 266265
X 438107  Y 259317
X 462800  Y 264600
X 481800  Y 274600
X 481800  Y 254600
X 481800  Y 294600
X 462800  Y 284600
X 450556  Y 295658
X 450435  Y 287269
X 442048  Y 302500
X 437200  Y 294800
X 431413  Y 290144
X 427500  Y 282000
X 414316  Y 295311
X 404456  Y 303139
X 400033  Y 289226
X 393539  Y 303831
X 392609  Y 279751
X 382800  Y 284600
X 376576  Y 302390
X 362800  Y 284600
X 342800  Y 284600
X 322800  Y 284600
X 309426  Y 283929
X 309184  Y 304208
X 302800  Y 284600
X 282800  Y 284600
X 276888  Y 281963
X 263951  Y 291284
X 263763  Y 284020
X 203255  Y 291304
X 201968  Y 283926
X 181907  Y 285374
X 175432  Y 290822
X 158051  Y 296847
X 145043  Y 284242
X 140270  Y 288741
X 127200  Y 285700
X 104800  Y 291100
X 104800  Y 311100
X 122800  Y 304600
X 142800  Y 324600
X 151082  Y 316345
X 162800  Y 324600
X 162800  Y 304600
X 182800  Y 324600
X 182800  Y 304600
X 197993  Y 307018
X 202800  Y 324600
X 202800  Y 304600
X 210300  Y 316343
X 222800  Y 324600
X 222800  Y 304600
X 242800  Y 324600
X 262800  Y 324600
X 262800  Y 304600
X 269287  Y 316300
X 282800  Y 304600
X 282800  Y 324600
X 302800  Y 304600
X 302800  Y 324600
X 322800  Y 324600
X 322800  Y 304600
X 324797  Y 312364
X 328092  Y 316300
X 330464  Y 321402
X 342800  Y 324600
X 342800  Y 304600
X 354606  Y 321161
X 362800  Y 304600
X 362800  Y 324600
X 365364  Y 311916
X 366209  Y 320296
X 376896  Y 323948
X 388000  Y 316300
X 394229  Y 323308
X 395222  Y 310217
X 402800  Y 324600
X 408682  Y 316300
X 412094  Y 321301
X 418190  Y 310136
X 422800  Y 324600
X 426821  Y 320094
X 427500  Y 309900
X 437400  Y 305600
X 450349  Y 306051
X 450728  Y 314011
X 452339  Y 321402
X 462800  Y 324600
X 464278  Y 317991
X 481800  Y 314600
X 481800  Y 334600
X 442800  Y 344600
X 422800  Y 344600
X 402800  Y 344600
X 382800  Y 344600
X 362800  Y 344600
X 342800  Y 344600
X 322800  Y 344600
X 302800  Y 344600
X 282800  Y 344600
X 262800  Y 344600
X 242800  Y 344600
X 222800  Y 344600
X 202800  Y 344600
X 182800  Y 344600
X 162800  Y 344600
X 142800  Y 344600
X 104800  Y 331100

Drill: .02362  Tool: 2  Feed: 0  Speed: 0
X 274803  Y 334251 X 273622  Y 334251
X 266929  Y 334251 X 265748  Y 334251
X 259055  Y 334251 X 257874  Y 334251
X 451968  Y 334251 X 450787  Y 334251
X 444094  Y 334251 X 442913  Y 334251
X 436220  Y 334251 X 435039  Y 334251
X 467354  Y 130236 X 463023  Y 130236
X 483102  Y 130236 X 479952  Y 130236
X 467354  Y 164251 X 463023  Y 164251
X 483102  Y 164251 X 479952  Y 164251
X 392913  Y 334251 X 391732  Y 334251
X 385039  Y 334251 X 383858  Y 334251
X 377165  Y 334251 X 375984  Y 334251
X 156692  Y 334251 X 155511  Y 334251
X 148818  Y 334251 X 147637  Y 334251
X 140944  Y 334251 X 139763  Y 334251
X 333858  Y 334251 X 332677  Y 334251
X 325984  Y 334251 X 324803  Y 334251
X 318110  Y 334251 X 316929  Y 334251
X 215748  Y 334251 X 214566  Y 334251
X 207874  Y 334251 X 206692  Y 334251
X 200000  Y 334251 X 198818  Y 334251

Drill: .02559  Tool: 3  Feed: 0  Speed: 0
X 467157  Y 135866
X 467157  Y 158622

Drill: .03465  Tool: 4  Feed: 0  Speed: 0
X 375200  Y 115000
X 385200  Y 115000

Drill: .035  Tool: 5  Feed: 0  Speed: 0
X 123000  Y 146600
X 123000  Y 176600
X 123000  Y 166600
X 123000  Y 156600
X 185200  Y 148400
X 185200  Y 138400

Drill: .03937  Tool: 6  Feed: 0  Speed: 0
X 472226  Y 206299
X 472226  Y 237795

Drill: .04134  Tool: 7  Feed: 0  Speed: 0
X 472796  Y 290944
X 472796  Y 310629

Drill: .04528  Tool: 8  Feed: 0  Speed: 0
X 148228  Y 351968
X 207283  Y 351968
X 266338  Y 351968
X 325393  Y 351968
X 384448  Y 351968
X 443503  Y 351968

Drill: .1378  Tool: 9  Feed: 0  Speed: 0
X 113779  Y 113779
X 472047  Y 113779
X 472047  Y 346062
X 113779  Y 346062

End of Listing
